Collecting colorama==0.4.6 (from -r D:\Desktop\cave-composer\requirements-lock.txt (line 3))
  Using cached colorama-0.4.6-py2.py3-none-any.whl.metadata (17 kB)
Collecting contourpy==1.3.3 (from -r D:\Desktop\cave-composer\requirements-lock.txt (line 4))
  Using cached contourpy-1.3.3-cp312-cp312-win_amd64.whl.metadata (5.5 kB)
Collecting cycler==0.11.0 (from -r D:\Desktop\cave-composer\requirements-lock.txt (line 5))
  Using cached cycler-0.11.0-py3-none-any.whl.metadata (785 bytes)
Collecting fonttools==4.51.0 (from -r D:\Desktop\cave-composer\requirements-lock.txt (line 6))
  Using cached fonttools-4.51.0-cp312-cp312-win_amd64.whl.metadata (162 kB)
Collecting imageio==2.33.1 (from -r D:\Desktop\cave-composer\requirements-lock.txt (line 7))
  Using cached imageio-2.33.1-py3-none-any.whl.metadata (4.9 kB)
Collecting iniconfig==1.1.1 (from -r D:\Desktop\cave-composer\requirements-lock.txt (line 8))
  Using cached iniconfig-1.1.1-py2.py3-none-any.whl.metadata (2.4 kB)
Collecting kiwisolver==1.4.8 (from -r D:\Desktop\cave-composer\requirements-lock.txt (line 9))
  Downloading kiwisolver-1.4.8-cp312-cp312-win_amd64.whl.metadata (6.3 kB)
Collecting lazy-loader==0.4 (from -r D:\Desktop\cave-composer\requirements-lock.txt (line 10))
  Using cached lazy_loader-0.4-py3-none-any.whl.metadata (7.6 kB)
Collecting matplotlib==3.9.2 (from -r D:\Desktop\cave-composer\requirements-lock.txt (line 11))
  Using cached matplotlib-3.9.2-cp312-cp312-win_amd64.whl.metadata (11 kB)
Collecting networkx==3.3 (from -r D:\Desktop\cave-composer\requirements-lock.txt (line 12))
  Using cached networkx-3.3-py3-none-any.whl.metadata (5.1 kB)
Collecting numpy==1.26.4 (from -r D:\Desktop\cave-composer\requirements-lock.txt (line 13))
  Using cached numpy-1.26.4-cp312-cp312-win_amd64.whl.metadata (61 kB)
Collecting packaging==24.1 (from -r D:\Desktop\cave-composer\requirements-lock.txt (line 14))
  Using cached packaging-24.1-py3-none-any.whl.metadata (3.2 kB)
Collecting Pillow==10.4.0 (from -r D:\Desktop\cave-composer\requirements-lock.txt (line 15))
  Using cached pillow-10.4.0-cp312-cp312-win_amd64.whl.metadata (9.3 kB)
Collecting pluggy==1.6.0 (from -r D:\Desktop\cave-composer\requirements-lock.txt (line 16))
  Using cached pluggy-1.6.0-py3-none-any.whl.metadata (4.8 kB)
Collecting pygments==2.15.1 (from -r D:\Desktop\cave-composer\requirements-lock.txt (line 17))
  Using cached Pygments-2.15.1-py3-none-any.whl.metadata (2.5 kB)
Collecting pyparsing==3.1.2 (from -r D:\Desktop\cave-composer\requirements-lock.txt (line 18))
  Using cached pyparsing-3.1.2-py3-none-any.whl.metadata (5.1 kB)
Collecting pytest==9.0.2 (from -r D:\Desktop\cave-composer\requirements-lock.txt (line 19))
  Using cached pytest-9.0.2-py3-none-any.whl.metadata (7.6 kB)
Collecting python-dateutil==2.9.0.post0 (from -r D:\Desktop\cave-composer\requirements-lock.txt (line 20))
  Using cached python_dateutil-2.9.0.post0-py2.py3-none-any.whl.metadata (8.4 kB)
Collecting PyYAML==6.0.3 (from -r D:\Desktop\cave-composer\requirements-lock.txt (line 21))
  Using cached pyyaml-6.0.3-cp312-cp312-win_amd64.whl.metadata (2.4 kB)
Collecting rtree==1.4.1 (from -r D:\Desktop\cave-composer\requirements-lock.txt (line 22))
  Using cached rtree-1.4.1-py3-none-win_amd64.whl.metadata (2.2 kB)
Collecting scikit-image==0.24.0 (from -r D:\Desktop\cave-composer\requirements-lock.txt (line 23))
  Using cached scikit_image-0.24.0-cp312-cp312-win_amd64.whl.metadata (14 kB)
Collecting scipy==1.15.1 (from -r D:\Desktop\cave-composer\requirements-lock.txt (line 24))
  Using cached scipy-1.15.1-cp312-cp312-win_amd64.whl.metadata (60 kB)
Collecting setuptools==75.1.0 (from -r D:\Desktop\cave-composer\requirements-lock.txt (line 25))
  Using cached setuptools-75.1.0-py3-none-any.whl.metadata (6.9 kB)
Collecting six==1.16.0 (from -r D:\Desktop\cave-composer\requirements-lock.txt (line 26))
  Using cached six-1.16.0-py2.py3-none-any.whl.metadata (1.8 kB)
Collecting tifffile==2023.4.12 (from -r D:\Desktop\cave-composer\requirements-lock.txt (line 27))
  Using cached tifffile-2023.4.12-py3-none-any.whl.metadata (31 kB)
Collecting trimesh==5.1.0 (from -r D:\Desktop\cave-composer\requirements-lock.txt (line 28))
  Using cached trimesh-5.1.0-py3-none-any.whl.metadata (13 kB)
Collecting wheel==0.44.0 (from -r D:\Desktop\cave-composer\requirements-lock.txt (line 29))
  Using cached wheel-0.44.0-py3-none-any.whl.metadata (2.3 kB)
Using cached colorama-0.4.6-py2.py3-none-any.whl (25 kB)
Using cached contourpy-1.3.3-cp312-cp312-win_amd64.whl (226 kB)
Using cached cycler-0.11.0-py3-none-any.whl (6.4 kB)
Using cached fonttools-4.51.0-cp312-cp312-win_amd64.whl (2.2 MB)
Using cached imageio-2.33.1-py3-none-any.whl (313 kB)
Using cached iniconfig-1.1.1-py2.py3-none-any.whl (5.0 kB)
Downloading kiwisolver-1.4.8-cp312-cp312-win_amd64.whl (71 kB)
Using cached lazy_loader-0.4-py3-none-any.whl (12 kB)
Using cached matplotlib-3.9.2-cp312-cp312-win_amd64.whl (7.8 MB)
Using cached networkx-3.3-py3-none-any.whl (1.7 MB)
Using cached numpy-1.26.4-cp312-cp312-win_amd64.whl (15.5 MB)
Using cached packaging-24.1-py3-none-any.whl (53 kB)
Using cached pillow-10.4.0-cp312-cp312-win_amd64.whl (2.6 MB)
Using cached pluggy-1.6.0-py3-none-any.whl (20 kB)
Using cached Pygments-2.15.1-py3-none-any.whl (1.1 MB)
Using cached pyparsing-3.1.2-py3-none-any.whl (103 kB)
Using cached pytest-9.0.2-py3-none-any.whl (374 kB)
Using cached python_dateutil-2.9.0.post0-py2.py3-none-any.whl (229 kB)
Using cached pyyaml-6.0.3-cp312-cp312-win_amd64.whl (154 kB)
Using cached rtree-1.4.1-py3-none-win_amd64.whl (389 kB)
Using cached scikit_image-0.24.0-cp312-cp312-win_amd64.whl (12.9 MB)
Using cached scipy-1.15.1-cp312-cp312-win_amd64.whl (43.6 MB)
Using cached setuptools-75.1.0-py3-none-any.whl (1.2 MB)
Using cached six-1.16.0-py2.py3-none-any.whl (11 kB)
Using cached tifffile-2023.4.12-py3-none-any.whl (219 kB)
Using cached trimesh-5.1.0-py3-none-any.whl (750 kB)
Using cached wheel-0.44.0-py3-none-any.whl (67 kB)
Installing collected packages: iniconfig, wheel, six, setuptools, rtree, PyYAML, pyparsing, pygments, pluggy, Pillow, packaging, numpy, networkx, kiwisolver, fonttools, cycler, colorama, trimesh, tifffile, scipy, python-dateutil, pytest, lazy-loader, imageio, contourpy, scikit-image, matplotlib
Successfully installed Pillow-10.4.0 PyYAML-6.0.3 colorama-0.4.6 contourpy-1.3.3 cycler-0.11.0 fonttools-4.51.0 imageio-2.33.1 iniconfig-1.1.1 kiwisolver-1.4.8 lazy-loader-0.4 matplotlib-3.9.2 networkx-3.3 numpy-1.26.4 packaging-24.1 pluggy-1.6.0 pygments-2.15.1 pyparsing-3.1.2 pytest-9.0.2 python-dateutil-2.9.0.post0 rtree-1.4.1 scikit-image-0.24.0 scipy-1.15.1 setuptools-75.1.0 six-1.16.0 tifffile-2023.4.12 trimesh-5.1.0 wheel-0.44.0
